Archive member included because of file (symbol)

/opt/FriendlyARM/toolschain/4.5.1/lib/gcc/arm-none-linux-gnueabi/4.5.1/libgcc.a(_udivsi3.o)
                              arch/arm/cpu/armv7/built-in.o (__aeabi_uidiv)
/opt/FriendlyARM/toolschain/4.5.1/lib/gcc/arm-none-linux-gnueabi/4.5.1/libgcc.a(_divsi3.o)
                              common/built-in.o (__aeabi_idiv)
/opt/FriendlyARM/toolschain/4.5.1/lib/gcc/arm-none-linux-gnueabi/4.5.1/libgcc.a(_lshrdi3.o)
                              common/built-in.o (__aeabi_llsr)
/opt/FriendlyARM/toolschain/4.5.1/lib/gcc/arm-none-linux-gnueabi/4.5.1/libgcc.a(_ashrdi3.o)
                              drivers/mtd/nand/built-in.o (__aeabi_lasr)
/opt/FriendlyARM/toolschain/4.5.1/lib/gcc/arm-none-linux-gnueabi/4.5.1/libgcc.a(_ashldi3.o)
                              drivers/mtd/nand/built-in.o (__aeabi_llsl)
/opt/FriendlyARM/toolschain/4.5.1/lib/gcc/arm-none-linux-gnueabi/4.5.1/libgcc.a(_dvmd_lnx.o)
                              /opt/FriendlyARM/toolschain/4.5.1/lib/gcc/arm-none-linux-gnueabi/4.5.1/libgcc.a(_udivsi3.o) (__aeabi_idiv0)

Discarded input sections

 .data          0x00000000        0x0 arch/arm/cpu/armv7/start.o
 .bss           0x00000000        0x0 arch/arm/cpu/armv7/start.o
 .text          0x00000000        0x0 arch/arm/cpu/armv7/built-in.o
 .text.invalidate_dcache_range
                0x00000000       0x24 arch/arm/cpu/armv7/built-in.o
 .text.mmu_page_table_flush
                0x00000000       0x10 arch/arm/cpu/armv7/built-in.o
 .text.__v7_outer_cache_enable
                0x00000000        0x4 arch/arm/cpu/armv7/built-in.o
 .text.__v7_outer_cache_disable
                0x00000000        0x4 arch/arm/cpu/armv7/built-in.o
 .text.__v7_outer_cache_inval_range
                0x00000000        0x4 arch/arm/cpu/armv7/built-in.o
 .text.sdelay   0x00000000        0xc arch/arm/cpu/armv7/built-in.o
 .text.sr32     0x00000000       0x24 arch/arm/cpu/armv7/built-in.o
 .text.wait_on_value
                0x00000000       0x34 arch/arm/cpu/armv7/built-in.o
 .text.get_device_type
                0x00000000       0x10 arch/arm/cpu/armv7/built-in.o
 .text.timer_get_us
                0x00000000       0x30 arch/arm/cpu/armv7/built-in.o
 .text.pwm_disable
                0x00000000       0x34 arch/arm/cpu/armv7/built-in.o
 .data          0x00000000        0x0 arch/arm/cpu/armv7/built-in.o
 .bss           0x00000000        0x0 arch/arm/cpu/armv7/built-in.o
 .bss.base_time_us.3487
                0x00000000        0x4 arch/arm/cpu/armv7/built-in.o
 .text.set_mmc_clk
                0x00000000        0x4 arch/arm/cpu/armv7/s5pc1xx/built-in.o
 .data          0x00000000        0x0 arch/arm/cpu/armv7/s5pc1xx/built-in.o
 .bss           0x00000000        0x0 arch/arm/cpu/armv7/s5pc1xx/built-in.o
 .text.__red_led_off
                0x00000000        0x4 arch/arm/lib/built-in.o
 .text.__green_led_on
                0x00000000        0x4 arch/arm/lib/built-in.o
 .text.__green_led_off
                0x00000000        0x4 arch/arm/lib/built-in.o
 .text.__yellow_led_on
                0x00000000        0x4 arch/arm/lib/built-in.o
 .text.__yellow_led_off
                0x00000000        0x4 arch/arm/lib/built-in.o
 .text.__blue_led_on
                0x00000000        0x4 arch/arm/lib/built-in.o
 .text.__blue_led_off
                0x00000000        0x4 arch/arm/lib/built-in.o
 .text.__dram_init_banksize
                0x00000000       0x1c arch/arm/lib/built-in.o
 .text.__arch_cpu_init
                0x00000000        0x8 arch/arm/lib/built-in.o
 .text.__flush_cache
                0x00000000        0x4 arch/arm/lib/built-in.o
 .text.__flush_dcache_all
                0x00000000        0xc arch/arm/lib/built-in.o
 .text.__arm_init_before_mmu
                0x00000000        0x4 arch/arm/lib/built-in.o
 .text.__mmu_page_table_flush
                0x00000000       0x34 arch/arm/lib/built-in.o
 .text.mmu_set_region_dcache_behaviour
                0x00000000       0x8c arch/arm/lib/built-in.o
 .rodata.__func__.3435
                0x00000000       0x18 arch/arm/lib/built-in.o
 .rodata.__func__.3448
                0x00000000       0x20 arch/arm/lib/built-in.o
 .rodata.__FUNCTION__.3434
                0x00000000       0x18 arch/arm/lib/built-in.o
 .rodata.__FUNCTION__.3447
                0x00000000       0x20 arch/arm/lib/built-in.o
 .data          0x00000000        0x0 arch/arm/lib/built-in.o
 .__end         0x00000000        0x0 arch/arm/lib/built-in.o
 .bss           0x00000000        0x0 arch/arm/lib/built-in.o
 .data          0x00000000        0x0 board/samsung/smart210/built-in.o
 .bss           0x00000000        0x0 board/samsung/smart210/built-in.o
 .text          0x00000000        0x0 common/built-in.o
 .text.parse_line
                0x00000000       0x84 common/built-in.o
 .text.cmd_process_error
                0x00000000       0x30 common/built-in.o
 .text.hash_block
                0x00000000       0xc0 common/built-in.o
 .text.unset_local_var
[...]
Memory Configuration

Name             Origin             Length             Attributes
*default*        0x00000000         0xffffffff

Linker script and memory map

Address of section .text set to 0x20000000
                0x00000000                . = 0x0
                0x00000000                . = ALIGN (0x4)

.text           0x20000000    0x2a750
 *(.__image_copy_start)
 .__image_copy_start
                0x20000000        0x0 arch/arm/lib/built-in.o
                0x20000000                __image_copy_start
 arch/arm/cpu/armv7/start.o(.text*)
 .text          0x20000000      0x380 arch/arm/cpu/armv7/start.o
                0x20000000                _start
                0x20000020                _undefined_instruction
                0x20000024                _software_interrupt
                0x20000028                _prefetch_abort
                0x2000002c                _data_abort
                0x20000030                _not_used
                0x20000034                _irq
                0x20000038                _fiq
                0x20000040                _end_vect
                0x20000040                IRQ_STACK_START_IN
                0x20000084                c_runtime_cpu_setup
                0x2000009c                save_boot_params
                0x200000a0                cpu_init_cp15
                0x200000d8                cpu_init_crit
 *(.text*)
 .text.v7_maint_dcache_all
                0x20000380       0xf0 arch/arm/cpu/armv7/built-in.o
 .text.v7_inval_tlb
                0x20000470       0x1c arch/arm/cpu/armv7/built-in.o
 .text.v7_dcache_maint_range
                0x2000048c       0xc8 arch/arm/cpu/armv7/built-in.o
 .text.invalidate_dcache_all
                0x20000554       0x14 arch/arm/cpu/armv7/built-in.o
                0x20000554                invalidate_dcache_all
 .text.flush_dcache_all
                0x20000568       0x14 arch/arm/cpu/armv7/built-in.o
                0x20000568                flush_dcache_all
 .text.flush_dcache_range
                0x2000057c       0x24 arch/arm/cpu/armv7/built-in.o
                0x2000057c                flush_dcache_range
 .text.arm_init_before_mmu
                0x200005a0       0x14 arch/arm/cpu/armv7/built-in.o
                0x200005a0                arm_init_before_mmu
 .text.flush_cache
                0x200005b4        0x8 arch/arm/cpu/armv7/built-in.o
                0x200005b4                flush_cache
 .text.invalidate_icache_all
                0x200005bc       0x18 arch/arm/cpu/armv7/built-in.o
                0x200005bc                invalidate_icache_all
 .text.__v7_outer_cache_flush_all
                0x200005d4        0x4 arch/arm/cpu/armv7/built-in.o
                0x200005d4                __v7_outer_cache_flush_all
                0x200005d4                v7_outer_cache_flush_all
 .text.__v7_outer_cache_inval_all
                0x200005d8        0x4 arch/arm/cpu/armv7/built-in.o
                0x200005d8                v7_outer_cache_inval_all
                0x200005d8                __v7_outer_cache_inval_all
 .text.__v7_outer_cache_flush_range
                0x200005dc        0x4 arch/arm/cpu/armv7/built-in.o
                0x200005dc                v7_outer_cache_flush_range
                0x200005dc                __v7_outer_cache_flush_range
 .text.cpu_cache_initialization
                0x200005e0        0x4 arch/arm/cpu/armv7/built-in.o
                0x200005e0                cpu_cache_initialization
 .text.cleanup_before_linux
                0x200005e4       0x28 arch/arm/cpu/armv7/built-in.o
                0x200005e4                cleanup_before_linux
 .text.arch_cpu_init
                0x2000060c       0x34 arch/arm/cpu/armv7/built-in.o
                0x2000060c                arch_cpu_init
 .text.print_cpuinfo
                0x20000640       0x4c arch/arm/cpu/armv7/built-in.o
                0x20000640                print_cpuinfo
 .text.get_timer
                0x2000068c       0x6c arch/arm/cpu/armv7/built-in.o
                0x2000068c                get_timer
 .text.__udelay
                0x200006f8       0x20 arch/arm/cpu/armv7/built-in.o
                0x200006f8                __udelay
 .text.reset_timer_masked
                0x20000718       0x1c arch/arm/cpu/armv7/built-in.o
                0x20000718                reset_timer_masked
 .text.timer_init
                0x20000734       0x58 arch/arm/cpu/armv7/built-in.o
                0x20000734                timer_init
 .text.get_ticks
                0x2000078c       0x14 arch/arm/cpu/armv7/built-in.o
                0x2000078c                get_ticks
 .text.get_tbclk
                0x200007a0        0x8 arch/arm/cpu/armv7/built-in.o
                0x200007a0                get_tbclk
 .text.s5p_config_sromc
                0x200007a8       0x2c arch/arm/cpu/armv7/built-in.o
                0x200007a8                s5p_config_sromc
 .text.pwm_enable
                0x200007d4       0x38 arch/arm/cpu/armv7/built-in.o
                0x200007d4                pwm_enable
 .text.pwm_config
                0x2000080c      0x144 arch/arm/cpu/armv7/built-in.o
                0x2000080c                pwm_config
 .text.pwm_init
                0x20000950       0xf8 arch/arm/cpu/armv7/built-in.o
                0x20000950                pwm_init
 *fill*         0x20000a48       0x18 00
 .text          0x20000a60       0x7c arch/arm/cpu/armv7/s5pc1xx/built-in.o
                0x20000a60                v7_outer_cache_enable
                0x20000a74                v7_outer_cache_disable
                0x20000aa0                reset_cpu
 .text.get_pll_clk
                0x20000adc      0x148 arch/arm/cpu/armv7/s5pc1xx/built-in.o
                0x20000adc                get_pll_clk
 .text.s5pc100_get_pclk
                0x20000c24       0x34 arch/arm/cpu/armv7/s5pc1xx/built-in.o
 .text.s5pc110_get_pclk
                0x20000c58       0x38 arch/arm/cpu/armv7/s5pc1xx/built-in.o
 .text.get_arm_clk
                0x20000c90       0x6c arch/arm/cpu/armv7/s5pc1xx/built-in.o
                0x20000c90                get_arm_clk
 .text.get_pwm_clk
                0x20000cfc       0x20 arch/arm/cpu/armv7/s5pc1xx/built-in.o
                0x20000cfc                get_pwm_clk
 .text.get_uart_clk
                0x20000d1c       0x20 arch/arm/cpu/armv7/s5pc1xx/built-in.o
                0x20000d1c                get_uart_clk
 .text          0x20000d3c       0xe4 arch/arm/lib/built-in.o
                0x20000d3c                _main
                0x20000dbc                relocate_code
 .text.display_banner
                0x20000e20       0x68 arch/arm/lib/built-in.o
 .text.init_baudrate
                0x20000e88       0x2c arch/arm/lib/built-in.o
 .text.mark_bootstage
                0x20000eb4       0x14 arch/arm/lib/built-in.o
 .text.__coloured_LED_init
                0x20000ec8        0x4 arch/arm/lib/built-in.o
                0x20000ec8                coloured_LED_init
                0x20000ec8                __coloured_LED_init
 .text.__red_led_on
                0x20000ecc        0x4 arch/arm/lib/built-in.o
                0x20000ecc                __red_led_on
                0x20000ecc                red_led_on
 .text.__power_init_board
                0x20000ed0        0x8 arch/arm/lib/built-in.o
                0x20000ed0                __power_init_board
                0x20000ed0                power_init_board
 .text.board_init_f
                0x20000ed8      0x288 arch/arm/lib/built-in.o
                0x20000ed8                board_init_f
 .text.board_init_r
                0x20001160      0x100 arch/arm/lib/built-in.o
                0x20001160                board_init_r
 .text.arch_fixup_memory_node
                0x20001260       0x38 arch/arm/lib/built-in.o
                0x20001260                arch_fixup_memory_node
 .text.boot_jump_linux
                0x20001298       0xd8 arch/arm/lib/built-in.o
 .text.arch_lmb_reserve
                0x20001370       0x5c arch/arm/lib/built-in.o
                0x20001370                arch_lmb_reserve
 .text.setup_board_tags
                0x200013cc        0x4 arch/arm/lib/built-in.o
                0x200013cc                setup_board_tags
 .text.boot_prep_linux
                0x200013d0      0x1b8 arch/arm/lib/built-in.o
 .text.do_bootm_linux
                0x20001588       0x64 arch/arm/lib/built-in.o
                0x20001588                do_bootm_linux
 .text.boot_prep_vxworks
                0x200015ec       0x4c arch/arm/lib/built-in.o
                0x200015ec                boot_prep_vxworks
 .text.boot_jump_vxworks
                0x20001638       0x14 arch/arm/lib/built-in.o
                0x20001638                boot_jump_vxworks
 .text.interrupt_init
                0x2000164c       0x1c arch/arm/lib/built-in.o
                0x2000164c                interrupt_init
 .text.enable_interrupts
                0x20001668        0x4 arch/arm/lib/built-in.o
                0x20001668                enable_interrupts
 .text.disable_interrupts
                0x2000166c        0x8 arch/arm/lib/built-in.o
                0x2000166c                disable_interrupts
 .text.bad_mode
                0x20001674       0x10 arch/arm/lib/built-in.o
                0x20001674                bad_mode
 .text.show_regs
                0x20001684      0x140 arch/arm/lib/built-in.o
                0x20001684                show_regs
 .text.do_undefined_instruction
                0x200017c4       0x24 arch/arm/lib/built-in.o
                0x200017c4                do_undefined_instruction
 .text.do_software_interrupt
                0x200017e8       0x24 arch/arm/lib/built-in.o
                0x200017e8                do_software_interrupt
 .text.do_prefetch_abort
                0x2000180c       0x24 arch/arm/lib/built-in.o
                0x2000180c                do_prefetch_abort
 .text.do_data_abort
                0x20001830       0x24 arch/arm/lib/built-in.o
                0x20001830                do_data_abort
 .text.do_not_used
                0x20001854       0x24 arch/arm/lib/built-in.o
                0x20001854                do_not_used
 .text.do_fiq   0x20001878       0x24 arch/arm/lib/built-in.o
                0x20001878                do_fiq
 .text.do_irq   0x2000189c       0x24 arch/arm/lib/built-in.o
                0x2000189c                do_irq
 .text.do_reset
                0x200018c0       0x2c arch/arm/lib/built-in.o
                0x200018c0                do_reset
 .text.__enable_caches
                0x200018ec        0xc arch/arm/lib/built-in.o
                0x200018ec                enable_caches
                0x200018ec                __enable_caches
 .text.cp_delay
                0x200018f8       0x30 arch/arm/lib/built-in.o
 .text.cache_disable
                0x20001928       0x44 arch/arm/lib/built-in.o
 .text.arm_init_domains
                0x2000196c        0x4 arch/arm/lib/built-in.o
                0x2000196c                arm_init_domains
 .text.set_section_dcache
                0x20001970       0x14 arch/arm/lib/built-in.o
                0x20001970                set_section_dcache
 .text.dram_bank_mmu_setup
                0x20001984       0x78 arch/arm/lib/built-in.o
                0x20001984                dram_bank_mmu_setup
 .text.cache_enable
                0x200019fc       0x78 arch/arm/lib/built-in.o
 .text.icache_enable
                0x20001a74        0x8 arch/arm/lib/built-in.o
                0x20001a74                icache_enable
 .text.icache_disable
                0x20001a7c        0x8 arch/arm/lib/built-in.o
                0x20001a7c                icache_disable
 .text.icache_status
                0x20001a84        0xc arch/arm/lib/built-in.o
                0x20001a84                icache_status
 .text.dcache_enable
                0x20001a90        0x8 arch/arm/lib/built-in.o
                0x20001a90                dcache_enable
 .text.dcache_disable
                0x20001a98        0x8 arch/arm/lib/built-in.o
                0x20001a98                dcache_disable
 .text.dcache_status
                0x20001aa0        0xc arch/arm/lib/built-in.o
                0x20001aa0                dcache_status
 .text          0x20001aac        0x8 board/samsung/smart210/built-in.o
                0x20001aac                lowlevel_init
 .text.board_init
                0x20001ab4       0x3c board/samsung/smart210/built-in.o
                0x20001ab4                board_init
 .text.dram_init
                0x20001af0       0x20 board/samsung/smart210/built-in.o
                0x20001af0                dram_init
 .text.dram_init_banksize
                0x20001b10       0x18 board/samsung/smart210/built-in.o
                0x20001b10                dram_init_banksize
 .text.checkboard
                0x20001b28       0x18 board/samsung/smart210/built-in.o
                0x20001b28                checkboard
 .text.board_eth_init
                0x20001b40        0x4 board/samsung/smart210/built-in.o
                0x20001b40                board_eth_init
 .text.delete_char
                0x20001b44       0xd8 common/built-in.o
 .text.cread_add_char
                0x20001c1c       0xec common/built-in.o
 .text.__show_boot_progress
                0x20001d08        0x4 common/built-in.o
                0x20001d08                __show_boot_progress
                0x20001d08                show_boot_progress
 .text.readline_into_buffer
                0x20001d0c      0x9ec common/built-in.o
                0x20001d0c                readline_into_buffer
 .text.readline
                0x200026f8       0x14 common/built-in.o
                0x200026f8                readline
 .text.run_command
                0x2000270c        0x8 common/built-in.o
                0x2000270c                run_command
 .text.run_command_list
                0x20002714       0x5c common/built-in.o
                0x20002714                run_command_list
 .text.main_loop
                0x20002770      0x180 common/built-in.o
                0x20002770                main_loop
 .text.do_run   0x200028f0       0x70 common/built-in.o
                0x200028f0                do_run
 .text.find_cmd_tbl
                0x20002960       0x9c common/built-in.o
                0x20002960                find_cmd_tbl
 .text.find_cmd
                0x200029fc       0x28 common/built-in.o
                0x200029fc                find_cmd
 .text.cmd_usage
                0x20002a24       0x5c common/built-in.o
                0x20002a24                cmd_usage
 .text._do_help
                0x20002a80      0x188 common/built-in.o
                0x20002a80                _do_help
 .text.var_complete
                0x20002c08       0x84 common/built-in.o
                0x20002c08                var_complete
 .text.cmd_auto_complete
                0x20002c8c      0x490 common/built-in.o
                0x20002c8c                cmd_auto_complete
 .text.cmd_get_data_size
                0x2000311c       0x50 common/built-in.o
                0x2000311c                cmd_get_data_size
 .text.cmd_process
                0x2000316c      0x1b8 common/built-in.o
                0x2000316c                cmd_process
 .text.dummy    0x20003324        0x4 common/built-in.o
 .text.get_version
                0x20003328        0x8 common/built-in.o
                0x20003328                get_version
 .text.jumptable_init
                0x20003330      0x190 common/built-in.o
                0x20003330                jumptable_init
 .text.hash_command
                0x200034c0       0xa4 common/built-in.o
                0x200034c0                hash_command
 .text.static_get
                0x20003564       0x1c common/built-in.o
 .text.static_peek
                0x20003580        0xc common/built-in.o
 .text.file_peek
                0x2000358c        0xc common/built-in.o
 .text.is_assignment
                0x20003598       0x54 common/built-in.o
 .text.mapset   0x200035ec       0x20 common/built-in.o
 .text.syntax_err
                0x2000360c        0xc common/built-in.o
 .text.do_showvar
                0x20003618       0xf0 common/built-in.o
 .text.xmalloc  0x20003708       0x20 common/built-in.o
 .text.new_pipe
                0x20003728       0x28 common/built-in.o
 .text.file_get
                0x20003750      0x1d8 common/built-in.o
 .text.free_pipe_list
                0x20003928      0x230 common/built-in.o
 .text.xrealloc
                0x20003b58       0x20 common/built-in.o
 .text.done_command
                0x20003b78       0xe8 common/built-in.o
 .text.done_pipe
                0x20003c60       0x6c common/built-in.o
 .text.b_addchr
                0x20003ccc       0xac common/built-in.o
 .text.done_word
                0x20003d78      0x3cc common/built-in.o
 .text.b_addqchr
                0x20004144       0x4c common/built-in.o
 .text.get_local_var
                0x20004190       0x98 common/built-in.o
                0x20004190                get_local_var
 .text.set_local_var
                0x20004228      0x1b8 common/built-in.o
                0x20004228                set_local_var
 .text.insert_var_value_sub
                0x200043e0      0x2cc common/built-in.o
 .text.parse_string_outer
                0x200046ac       0xf0 common/built-in.o
                0x200046ac                parse_string_outer
 .text.run_list_real
                0x2000479c      0x970 common/built-in.o
 .text.parse_stream_outer
                0x2000510c      0x870 common/built-in.o
 .text.parse_file_outer
                0x2000597c       0x44 common/built-in.o
                0x2000597c                parse_file_outer
 .text.u_boot_hush_start
                0x200059c0       0x54 common/built-in.o
                0x200059c0                u_boot_hush_start
 .text.hex1_bin
                0x20005a14       0x40 common/built-in.o
 .text.hex2_bin
                0x20005a54       0x34 common/built-in.o
 .text.srec_decode
                0x20005a88      0x270 common/built-in.o
                0x20005a88                srec_decode
 .text.zm_save  0x20005cf8       0x18 common/built-in.o
 .text.zm_dprintf
                0x20005d10       0x3c common/built-in.o
 .text.zm_dump  0x20005d4c       0x10 common/built-in.o
 .text.CYGACC_COMM_IF_GETC_TIMEOUT.clone.2
                0x20005d5c       0x54 common/built-in.o
 .text.xyzModem_flush
                0x20005db0       0x1c common/built-in.o
 .text.xyzModem_get_hdr
                0x20005dcc      0x320 common/built-in.o
 .text.xyzModem_stream_open
                0x200060ec      0x278 common/built-in.o
                0x200060ec                xyzModem_stream_open
 .text.xyzModem_stream_read
                0x20006364      0x294 common/built-in.o
                0x20006364                xyzModem_stream_read
 .text.xyzModem_stream_close
                0x200065f8       0x60 common/built-in.o
                0x200065f8                xyzModem_stream_close
 .text.xyzModem_stream_terminate
                0x20006658       0xd0 common/built-in.o
                0x20006658                xyzModem_stream_terminate
 .text.xyzModem_error
                0x20006728       0x20 common/built-in.o
                0x20006728                xyzModem_error
 .text.do_go_exec
                0x20006748       0x18 common/built-in.o
                0x20006748                do_go_exec
 .text.do_go    0x20006760       0x6c common/built-in.o
 .text.image_info
                0x200067cc       0xd0 common/built-in.o
 .text.do_iminfo
                0x2000689c       0x60 common/built-in.o
 .text.do_bootm_rtems
                0x200068fc       0x40 common/built-in.o
 .text.do_bootd
                0x2000693c       0x24 common/built-in.o
                0x2000693c                do_bootd
 .text.do_bootm_standalone
                0x20006960       0x64 common/built-in.o
 .text.copy_args
                0x200069c4       0x4c common/built-in.o
 .text.do_bootm_plan9
                0x20006a10       0xa4 common/built-in.o
 .text.do_bootm_qnxelf
                0x20006ab4       0x5c common/built-in.o
 .text.do_bootm_netbsd
                0x20006b10       0xf4 common/built-in.o
 .text.do_bootm_states.clone.21.clone.22
                0x20006c04      0x8d0 common/built-in.o
 .text.do_bootm
                0x200074d4       0xdc common/built-in.o
                0x200074d4                do_bootm
 .text.__arch_preboot_os
                0x200075b0        0x4 common/built-in.o
                0x200075b0                arch_preboot_os
 .text.bootm_maybe_autostart
                0x200075b4       0x74 common/built-in.o
                0x200075b4                bootm_maybe_autostart
 .text.do_bootvx_fdt
                0x20007628      0x100 common/built-in.o
                0x20007628                do_bootvx_fdt
 .text.do_bootm_vxworks
                0x20007728       0x24 common/built-in.o
 .text.do_help  0x2000774c       0x48 common/built-in.o
 .text.do_version
                0x20007794       0x38 common/built-in.o
 .text.reverse_strstr
                0x200077cc       0x64 common/built-in.o
 .text.env_attr_walk
                0x20007830      0x110 common/built-in.o
                0x20007830                env_attr_walk
 .text.env_attr_lookup
                0x20007940      0x124 common/built-in.o
                0x20007940                env_attr_lookup
 .text.clear_callback
                0x20007a64       0x10 common/built-in.o
 .text.on_callbacks
                0x20007a74       0x48 common/built-in.o
 .text.find_env_callback
                0x20007abc       0x64 common/built-in.o
 .text.set_callback
                0x20007b20       0x94 common/built-in.o
 .text.env_callback_init
                0x20007bb4       0xc8 common/built-in.o
                0x20007bb4                env_callback_init
 .text.skip_num
                0x20007c7c       0x78 common/built-in.o
 .text.clear_flags
                0x20007cf4       0x10 common/built-in.o
 .text.on_flags
                0x20007d04       0x48 common/built-in.o
 .text.env_flags_parse_vartype
                0x20007d4c       0x4c common/built-in.o
                0x20007d4c                env_flags_parse_vartype
 .text.env_flags_parse_varaccess
                0x20007d98       0x54 common/built-in.o
                0x20007d98                env_flags_parse_varaccess
 .text.env_parse_flags_to_bin
                0x20007dec       0x2c common/built-in.o
 .text.set_flags
                0x20007e18       0x90 common/built-in.o
 .text.env_flags_init
                0x20007ea8       0xbc common/built-in.o
                0x20007ea8                env_flags_init
 .text.env_flags_validate
                0x20007f64      0x334 common/built-in.o
                0x20007f64                env_flags_validate
 .text.env_init
                0x20008298       0x1c common/built-in.o
                0x20008298                env_init
 .text.writeenv
                0x200082b4       0xb4 common/built-in.o
                0x200082b4                writeenv
 .text.saveenv  0x20008368      0x128 common/built-in.o
                0x20008368                saveenv
 .text.readenv  0x20008490       0xc0 common/built-in.o
                0x20008490                readenv
 .text.env_relocate_spec
                0x20008550       0x50 common/built-in.o
                0x20008550                env_relocate_spec
 .text.source   0x200085a0      0x114 common/built-in.o
                0x200085a0                source
 .text.do_source
                0x200086b4       0x84 common/built-in.o
                0x200086b4                do_source
 .text.do_bdinfo
                0x20008738      0x1b0 common/built-in.o
                0x20008738                do_bdinfo
 .text.parse_argv
                0x200088e8       0x5c common/built-in.o
 .text.do_icache
                0x20008944       0x90 common/built-in.o
                0x20008944                do_icache
 .text.do_dcache
                0x200089d4       0x90 common/built-in.o
                0x200089d4                do_dcache
 .text.do_coninfo
                0x20008a64       0xb8 common/built-in.o
 .text.do_echo  0x20008b1c       0xc0 common/built-in.o
 .text.load_elf_image_shdr
                0x20008bdc      0x12c common/built-in.o
 .text.do_bootelf_exec
                0x20008d08       0x44 common/built-in.o
                0x20008d08                do_bootelf_exec
 .text.valid_elf_image
                0x20008d4c       0x4c common/built-in.o
                0x20008d4c                valid_elf_image
 .text.do_bootvx
                0x20008d98      0x2a0 common/built-in.o
                0x20008d98                do_bootvx
 .text.do_bootelf
                0x20009038      0x188 common/built-in.o
                0x20009038                do_bootelf
 .text.do_exit  0x200091c0       0x30 common/built-in.o
 .text.do_fat_fsinfo
                0x200091f0       0x94 common/built-in.o
 .text.do_fat_ls
                0x20009284       0x14 common/built-in.o
 .text.do_fat_fsload
                0x20009298       0x14 common/built-in.o
                0x20009298                do_fat_fsload
 .text.is_printable_string
                0x200092ac       0x94 common/built-in.o
 .text.fdt_valid
                0x20009340       0xc4 common/built-in.o
 .text.print_data
                0x20009404      0x174 common/built-in.o
 .text.set_working_fdt_addr
                0x20009578       0x1c common/built-in.o
                0x20009578                set_working_fdt_addr
 .text.do_fdt   0x20009594      0xedc common/built-in.o
 .text.write_cell
                0x2000a470       0x48 common/built-in.o
 .text.get_cells_len
                0x2000a4b8       0x3c common/built-in.o
 .text.fdt_find_and_setprop
                0x2000a4f4       0x70 common/built-in.o
                0x2000a4f4                fdt_find_and_setprop
 .text.fdt_initrd
                0x2000a564      0x1fc common/built-in.o
                0x2000a564                fdt_initrd
 .text.fdt_chosen
                0x2000a760      0x104 common/built-in.o
                0x2000a760                fdt_chosen
 .text.do_fixup_by_path
                0x2000a864       0xd8 common/built-in.o
                0x2000a864                do_fixup_by_path
 .text.fdt_fixup_memory_banks
                0x2000a93c      0x19c common/built-in.o
                0x2000a93c                fdt_fixup_memory_banks
 .text.fdt_fixup_memory
                0x2000aad8       0x20 common/built-in.o
                0x2000aad8                fdt_fixup_memory
 .text.fdt_fixup_ethernet
                0x2000aaf8      0x17c common/built-in.o
                0x2000aaf8                fdt_fixup_ethernet
 .text.fdt_resize
                0x2000ac74       0xd8 common/built-in.o
                0x2000ac74                fdt_resize
 .text.evalexp  0x2000ad4c       0x70 common/built-in.o
 .text.evalstr  0x2000adbc       0x70 common/built-in.o
 .text.binary_test
                0x2000ae2c      0x1bc common/built-in.o
 .text.do_itest
                0x2000afe8       0x98 common/built-in.o
 .text.ktrans   0x2000b080       0x20 common/built-in.o
 .text.bin_data_init
                0x2000b0a0       0x2c common/built-in.o
 .text.bin_data_char
                0x2000b0cc       0x28 common/built-in.o
 .text.k_data_save
                0x2000b0f4       0x4c common/built-in.o
 .text.k_data_restore
                0x2000b140       0x4c common/built-in.o
 .text.load_serial_ymodem
                0x2000b18c       0xdc common/built-in.o
 .text.getcxmodem
                0x2000b268       0x20 common/built-in.o
 .text.load_serial
                0x2000b288      0x1fc common/built-in.o
 .text.do_load_serial
                0x2000b484       0xdc common/built-in.o
 .text.s1_sendpacket.clone.0
                0x2000b560       0x50 common/built-in.o
 .text.chk1.clone.1
                0x2000b5b0       0x30 common/built-in.o
 .text.do_load_serial_bin
                0x2000b5e0      0x774 common/built-in.o
 .text.do_mem_loop
                0x2000bd54       0xf4 common/built-in.o
 .text.do_mem_mw
                0x2000be48       0xb8 common/built-in.o
 .text.do_mem_base
                0x2000bf00       0x44 common/built-in.o
 .text.do_mem_cmp
                0x2000bf44      0x15c common/built-in.o
 .text.do_mem_crc
                0x2000c0a0       0x40 common/built-in.o
 .text.do_mem_cp
                0x2000c0e0       0xd4 common/built-in.o
 .text.do_mem_md
                0x2000c1b4       0xe0 common/built-in.o
 .text.mod_mem.clone.2
                0x2000c294      0x164 common/built-in.o
 .text.do_mem_nm
                0x2000c3f8        0x8 common/built-in.o
 .text.do_mem_mm
                0x2000c400        0x8 common/built-in.o
 .text.do_sleep
                0x2000c408       0x74 common/built-in.o
 .text.mtd_part_info
                0x2000c47c      0x100 common/built-in.o
 .text.memsize_format
                0x2000c57c       0xa0 common/built-in.o
 .text.index_partitions
                0x2000c61c      0x120 common/built-in.o
 .text.current_save
                0x2000c73c      0x110 common/built-in.o
 .text.part_sort_add
                0x2000c84c      0x18c common/built-in.o
 .text.part_delall
                0x2000c9d8       0x44 common/built-in.o
 .text.device_del
                0x2000ca1c       0x7c common/built-in.o
 .text.memsize_parse
                0x2000ca98       0x80 common/built-in.o
 .text.get_mtd_info
                0x2000cb18       0x80 common/built-in.o
 .text.part_validate
                0x2000cb98      0x358 common/built-in.o
 .text.device_delall.clone.2
                0x2000cef0       0x60 common/built-in.o
 .text.mtd_devices_init
                0x2000cf50       0x2c common/built-in.o
 .text.generate_mtdparts_save.clone.1
                0x2000cf7c      0x31c common/built-in.o
 .text.device_find
                0x2000d298       0x50 common/built-in.o
                0x2000d298                device_find
 .text.device_parse
                0x2000d2e8      0x6e0 common/built-in.o
 .text.mtd_id_parse
                0x2000d9c8      0x110 common/built-in.o
                0x2000d9c8                mtd_id_parse
 .text.find_dev_and_part
                0x2000dad8      0x1e0 common/built-in.o
                0x2000dad8                find_dev_and_part
 .text.mtdparts_init
                0x2000dcb8      0x934 common/built-in.o
                0x2000dcb8                mtdparts_init
 .text.do_mtdparts
                0x2000e5ec      0x6ec common/built-in.o
 .text.do_chpart
                0x2000ecd8       0xd0 common/built-in.o
 .text.set_dev  0x2000eda8       0x70 common/built-in.o
 .text.nand_load_image
                0x2000ee18      0x1bc common/built-in.o
 .text.do_nandboot
                0x2000efd4      0x25c common/built-in.o
 .text.nand_print_and_set_info
                0x2000f230       0xd0 common/built-in.o
 .text.arg_off  0x2000f300      0x118 common/built-in.o
 .text.arg_off_size
                0x2000f418      0x168 common/built-in.o
 .text.do_nand  0x2000f580      0xce8 common/built-in.o
 .text.do_ping  0x20010268       0x78 common/built-in.o
 .text.netboot_common
                0x200102e0      0x2b0 common/built-in.o
 .text.do_nfs   0x20010590        0xc common/built-in.o
 .text.do_bootp
                0x2001059c        0xc common/built-in.o
 .text.do_tftpb
                0x200105a8       0x40 common/built-in.o
                0x200105a8                do_tftpb
 .text.do_reginfo
                0x200105e8        0x8 common/built-in.o
 .text.do_false
                0x200105f0        0x8 common/built-in.o
 .text.do_true  0x200105f8        0x8 common/built-in.o
 .text.do_test  0x20010600      0x3c4 common/built-in.o
 .text.do_imgextract
                0x200109c4      0x2a0 common/built-in.o
 .text.do_env_delete
                0x20010c64       0xe4 common/built-in.o
 .text._do_env_set
                0x20010d48      0x1f8 common/built-in.o
 .text.do_env_set
                0x20010f40       0x20 common/built-in.o
 .text.env_print
                0x20010f60       0xc8 common/built-in.o
 .text.do_env_print
                0x20011028       0xd0 common/built-in.o
 .text.do_env   0x200110f8       0x60 common/built-in.o
 .text.do_env_import
                0x20011158      0x270 common/built-in.o
 .text.do_env_default
                0x200113c8      0x114 common/built-in.o
 .text.do_env_save
                0x200114dc       0x2c common/built-in.o
 .text.get_env_id
                0x20011508       0x10 common/built-in.o
                0x20011508                get_env_id
 .text.setenv   0x20011518       0x90 common/built-in.o
                0x20011518                setenv
 .text.setenv_ulong
                0x200115a8       0x20 common/built-in.o
                0x200115a8                setenv_ulong
 .text.setenv_hex
                0x200115c8       0x38 common/built-in.o
                0x200115c8                setenv_hex
 .text.do_env_export
                0x20011600      0x264 common/built-in.o
 .text.envmatch
                0x20011864       0x6c common/built-in.o
                0x20011864                envmatch
 .text.getenv_f
                0x200118d0       0xbc common/built-in.o
                0x200118d0                getenv_f
 .text.getenv   0x2001198c       0x78 common/built-in.o
                0x2001198c                getenv
 .text.do_env_edit
                0x20011a04       0x74 common/built-in.o
 .text.getenv_ulong
                0x20011a78       0x30 common/built-in.o
                0x20011a78                getenv_ulong
 .text.getenv_hex
                0x20011aa8       0x34 common/built-in.o
                0x20011aa8                getenv_hex
 .text.__env_get_char_spec
                0x20011adc        0xc common/built-in.o
                0x20011adc                env_get_char_spec
 .text.env_get_addr
                0x20011ae8       0x24 common/built-in.o
                0x20011ae8                env_get_addr
 .text.env_get_char_memory
                0x20011b0c       0x10 common/built-in.o
                0x20011b0c                env_get_char_memory
 .text.env_get_char
                0x20011b1c       0x30 common/built-in.o
                0x20011b1c                env_get_char
 .text.getenv_yesno
                0x20011b4c       0x54 common/built-in.o
                0x20011b4c                getenv_yesno
 .text.getenv_default
                0x20011ba0       0x30 common/built-in.o
                0x20011ba0                getenv_default
 .text.set_default_env
                0x20011bd0       0xb8 common/built-in.o
                0x20011bd0                set_default_env
 .text.set_default_vars
                0x20011c88       0x34 common/built-in.o
                0x20011c88                set_default_vars
 .text.env_import
                0x20011cbc      0x130 common/built-in.o
                0x20011cbc                env_import
 .text.env_relocate
                0x20011dec       0x30 common/built-in.o
                0x20011dec                env_relocate
 .text.env_complete
                0x20011e1c       0xe8 common/built-in.o
                0x20011e1c                env_complete
 .text.console_setfile
                0x20011f04       0xa4 common/built-in.o
 .text.fgetc    0x20011fa8       0x2c common/built-in.o
                0x20011fa8                fgetc
 .text.ftstc    0x20011fd4       0x2c common/built-in.o
                0x20011fd4                ftstc
 .text.fputc    0x20012000       0x28 common/built-in.o
                0x20012000                fputc
 .text.fputs    0x20012028       0x28 common/built-in.o
                0x20012028                fputs
 .text.fprintf  0x20012050       0x4c common/built-in.o
                0x20012050                fprintf
 .text.getc     0x2001209c       0x24 common/built-in.o
                0x2001209c                getc
 .text.tstc     0x200120c0       0x24 common/built-in.o
                0x200120c0                tstc
 .text.putc     0x200120e4       0x28 common/built-in.o
                0x200120e4                putc
 .text.puts     0x2001210c       0x28 common/built-in.o
                0x2001210c                puts
 .text.printf   0x20012134       0x50 common/built-in.o
                0x20012134                printf
 .text.vprintf  0x20012184       0x44 common/built-in.o
                0x20012184                vprintf
 .text.ctrlc    0x200121c8       0x54 common/built-in.o
                0x200121c8                ctrlc
 .text.had_ctrlc
                0x2001221c       0x10 common/built-in.o
                0x2001221c                had_ctrlc
 .text.clear_ctrlc
                0x2001222c       0x14 common/built-in.o
                0x2001222c                clear_ctrlc
 .text.search_device
                0x20012240       0x28 common/built-in.o
                0x20012240                search_device
 .text.console_assign
                0x20012268       0x40 common/built-in.o
                0x20012268                console_assign
 .text.on_console
                0x200122a8       0xc4 common/built-in.o
 .text.console_init_f
                0x2001236c       0x10 common/built-in.o
                0x2001236c                console_init_f
 .text.stdio_print_current_devices
                0x2001237c       0xb8 common/built-in.o
                0x2001237c                stdio_print_current_devices
 .text.console_init_r
                0x20012434       0xe0 common/built-in.o
                0x20012434                console_init_r
 .text.do_check_chunk
                0x20012514       0xd4 common/built-in.o
 .text.do_check_free_chunk
                0x200125e8      0x194 common/built-in.o
 .text.do_check_inuse_chunk
                0x2001277c      0x11c common/built-in.o
 .text.do_check_malloced_chunk
                0x20012898       0xe0 common/built-in.o
 .text.sbrk     0x20012978       0x6c common/built-in.o
                0x20012978                sbrk
 .text.mem_malloc_init
                0x200129e4       0x34 common/built-in.o
                0x200129e4                mem_malloc_init
 .text.malloc_trim
                0x20012a18       0xec common/built-in.o
                0x20012a18                malloc_trim
 .text.free     0x20012b04      0x230 common/built-in.o
                0x20012b04                free
 .text.malloc   0x20012d34      0x610 common/built-in.o
                0x20012d34                malloc
 .text.calloc   0x20013344       0xe0 common/built-in.o
                0x20013344                calloc
 .text.memalign
                0x20013424      0x154 common/built-in.o
                0x20013424                memalign
 .text.realloc  0x20013578      0x46c common/built-in.o
                0x20013578                realloc
 .text.on_loadaddr
                0x200139e4       0x38 common/built-in.o
 .text.image_check_hcrc
                0x20013a1c       0x50 common/built-in.o
                0x20013a1c                image_check_hcrc
 .text.image_check_dcrc
                0x20013a6c       0x38 common/built-in.o
                0x20013a6c                image_check_dcrc
 .text.image_multi_count
                0x20013aa4       0x20 common/built-in.o
                0x20013aa4                image_multi_count
 .text.image_multi_getimg
                0x20013ac4       0x7c common/built-in.o
                0x20013ac4                image_multi_getimg
 .text.getenv_bootm_low
                0x20013b40       0x30 common/built-in.o
                0x20013b40                getenv_bootm_low
 .text.getenv_bootm_size
                0x20013b70       0x5c common/built-in.o
                0x20013b70                getenv_bootm_size
 .text.getenv_bootm_mapsize
                0x20013bcc       0x30 common/built-in.o
                0x20013bcc                getenv_bootm_mapsize
 .text.memmove_wd
                0x20013bfc        0xc common/built-in.o
                0x20013bfc                memmove_wd
 .text.genimg_print_size
                0x20013c08       0x30 common/built-in.o
                0x20013c08                genimg_print_size
 .text.get_table_entry_name
                0x20013c38       0x2c common/built-in.o
                0x20013c38                get_table_entry_name
 .text.genimg_get_os_name
                0x20013c64       0x18 common/built-in.o
                0x20013c64                genimg_get_os_name
 .text.genimg_get_arch_name
                0x20013c7c       0x18 common/built-in.o
                0x20013c7c                genimg_get_arch_name
 .text.genimg_get_type_name
                0x20013c94       0x18 common/built-in.o
                0x20013c94                genimg_get_type_name
 .text.genimg_get_comp_name
                0x20013cac       0x18 common/built-in.o
                0x20013cac                genimg_get_comp_name
 .text.image_print_contents
                0x20013cc4      0x170 common/built-in.o
                0x20013cc4                image_print_contents
 .text.genimg_get_format
                0x20013e34       0x38 common/built-in.o
                0x20013e34                genimg_get_format
 .text.genimg_get_image
                0x20013e6c        0x4 common/built-in.o
                0x20013e6c                genimg_get_image
 .text.genimg_has_config
                0x20013e70        0x8 common/built-in.o
                0x20013e70                genimg_has_config
 .text.boot_get_ramdisk
                0x20013e78      0x2cc common/built-in.o
                0x20013e78                boot_get_ramdisk
 .text.boot_ramdisk_high
                0x20014144      0x188 common/built-in.o
                0x20014144                boot_ramdisk_high
 .text.image_setup_linux
                0x200142cc       0x88 common/built-in.o
                0x200142cc                image_setup_linux
 .text.fdt_error
                0x20014354       0x2c common/built-in.o
 .text.boot_fdt_add_mem_rsv_regions
                0x20014380       0x90 common/built-in.o
                0x20014380                boot_fdt_add_mem_rsv_regions
 .text.boot_relocate_fdt
                0x20014410      0x1dc common/built-in.o
                0x20014410                boot_relocate_fdt
 .text.boot_get_fdt
                0x200145ec      0x354 common/built-in.o
                0x200145ec                boot_get_fdt
 .text.ft_verify_fdt
                0x20014940        0x8 common/built-in.o
                0x20014940                ft_verify_fdt
 .text.image_setup_libfdt
                0x20014948       0xd4 common/built-in.o
                0x20014948                image_setup_libfdt
 .text.get_ram_size
                0x20014a1c       0xf8 common/built-in.o
                0x20014a1c                get_ram_size
 .text.get_effective_memsize
                0x20014b14        0x8 common/built-in.o
                0x20014b14                get_effective_memsize
 .text.stdio_get_list
                0x20014b1c        0xc common/built-in.o
                0x20014b1c                stdio_get_list
 .text.stdio_get_by_name
                0x20014b28       0x54 common/built-in.o
                0x20014b28                stdio_get_by_name
 .text.stdio_clone
                0x20014b7c       0x38 common/built-in.o
                0x20014b7c                stdio_clone
 .text.stdio_register
                0x20014bb4       0x44 common/built-in.o
                0x20014bb4                stdio_register
 .text.stdio_init
                0x20014bf8       0x90 common/built-in.o
                0x20014bf8                stdio_init
 .text.get_device
                0x20014c88       0x54 disk/built-in.o
                0x20014c88                get_device
 .text.get_device_and_partition
                0x20014cdc      0x290 disk/built-in.o
                0x20014cdc                get_device_and_partition
 .text.add_mtd_device
                0x20014f6c       0x8c drivers/mtd/built-in.o
                0x20014f6c                add_mtd_device
 .text.get_mtd_device_nm
                0x20014ff8       0x74 drivers/mtd/built-in.o
                0x20014ff8                get_mtd_device_nm
 .text.mtd_erase
                0x2001506c       0xa8 drivers/mtd/built-in.o
                0x2001506c                mtd_erase
 .text.mtd_read
                0x20015114       0xa8 drivers/mtd/built-in.o
                0x20015114                mtd_read
 .text.mtd_write
                0x200151bc       0xa4 drivers/mtd/built-in.o
                0x200151bc                mtd_write
 .text.mtd_read_oob
                0x20015260       0x30 drivers/mtd/built-in.o
                0x20015260                mtd_read_oob
 .text.mtd_block_isbad
                0x20015290       0x4c drivers/mtd/built-in.o
                0x20015290                mtd_block_isbad
 .text.mtd_block_markbad
                0x200152dc       0x5c drivers/mtd/built-in.o
                0x200152dc                mtd_block_markbad
 .text.part_erase
                0x20015338       0x6c drivers/mtd/built-in.o
 .text.mtd_erase_callback
                0x200153a4       0x68 drivers/mtd/built-in.o
                0x200153a4                mtd_erase_callback
 .text.nand_register
                0x2001540c       0x90 drivers/mtd/nand/built-in.o
                0x2001540c                nand_register
 .text.nand_init
                0x2001549c       0x6c drivers/mtd/nand/built-in.o
                0x2001549c                nand_init
 .text.read_bbt
                0x20015508      0x1e4 drivers/mtd/nand/built-in.o
 .text.read_abs_bbt
                0x200156ec       0xcc drivers/mtd/nand/built-in.o
 .text.scan_read_oob
                0x200157b8       0xc4 drivers/mtd/nand/built-in.o
 .text.scan_read
                0x2001587c       0x64 drivers/mtd/nand/built-in.o
 .text.write_bbt
                0x200158e0      0x69c drivers/mtd/nand/built-in.o
 .text.verify_bbt_descr
                0x20015f7c      0x138 drivers/mtd/nand/built-in.o
 .text.check_pattern
                0x200160b4       0xa8 drivers/mtd/nand/built-in.o
 .text.search_bbt
                0x2001615c      0x1bc drivers/mtd/nand/built-in.o
 .text.create_bbt
                0x20016318      0x308 drivers/mtd/nand/built-in.o
 .text.nand_update_bbt
                0x20016620      0x120 drivers/mtd/nand/built-in.o
                0x20016620                nand_update_bbt
 .text.mark_bbt_region
                0x20016740      0x174 drivers/mtd/nand/built-in.o
 .text.nand_scan_bbt
                0x200168b4      0x508 drivers/mtd/nand/built-in.o
                0x200168b4                nand_scan_bbt
 .text.nand_default_bbt
                0x20016dbc      0x104 drivers/mtd/nand/built-in.o
                0x20016dbc                nand_default_bbt
 .text.nand_isbad_bbt
                0x20016ec0       0x54 drivers/mtd/nand/built-in.o
                0x20016ec0                nand_isbad_bbt
 .text.check_skip_len
                0x20016f14       0xcc drivers/mtd/nand/built-in.o
 .text.nand_erase_opts
                0x20016fe0      0x368 drivers/mtd/nand/built-in.o
                0x20016fe0                nand_erase_opts
 .text.nand_write_skip_bad
                0x20017348      0x3e4 drivers/mtd/nand/built-in.o
                0x20017348                nand_write_skip_bad
 .text.nand_read_skip_bad
                0x2001772c      0x278 drivers/mtd/nand/built-in.o
                0x2001772c                nand_read_skip_bad
 .text.nand_calculate_ecc
                0x200179a4       0xf0 drivers/mtd/nand/built-in.o
                0x200179a4                nand_calculate_ecc
 .text.nand_correct_data
                0x20017a94      0x11c drivers/mtd/nand/built-in.o
                0x20017a94                nand_correct_data
 .text.nand_release_device
                0x20017bb0       0x18 drivers/mtd/nand/built-in.o
 .text.nand_read_byte
                0x20017bc8       0x10 drivers/mtd/nand/built-in.o
                0x20017bc8                nand_read_byte
 .text.nand_read_byte16
                0x20017bd8       0x14 drivers/mtd/nand/built-in.o
 .text.nand_read_word
                0x20017bec       0x10 drivers/mtd/nand/built-in.o
 .text.nand_write_buf
                0x20017bfc       0x2c drivers/mtd/nand/built-in.o
                0x20017bfc                nand_write_buf
 .text.nand_read_buf
                0x20017c28       0x28 drivers/mtd/nand/built-in.o
                0x20017c28                nand_read_buf
 .text.nand_verify_buf
                0x20017c50       0x40 drivers/mtd/nand/built-in.o
 .text.nand_write_buf16
                0x20017c90       0x30 drivers/mtd/nand/built-in.o
                0x20017c90                nand_write_buf16
 .text.nand_read_buf16
                0x20017cc0       0x2c drivers/mtd/nand/built-in.o
                0x20017cc0                nand_read_buf16
 .text.nand_verify_buf16
                0x20017cec       0x44 drivers/mtd/nand/built-in.o
 .text.nand_check_wp
                0x20017d30       0x50 drivers/mtd/nand/built-in.o
 .text.nand_read_page_raw
                0x20017d80       0x44 drivers/mtd/nand/built-in.o
 .text.nand_read_page_raw_syndrome
                0x20017dc4       0xd4 drivers/mtd/nand/built-in.o
 .text.nand_read_page_swecc
                0x20017e98      0x124 drivers/mtd/nand/built-in.o
 .text.nand_read_subpage
                0x20017fbc      0x278 drivers/mtd/nand/built-in.o
 .text.nand_read_page_hwecc
                0x20018234      0x138 drivers/mtd/nand/built-in.o
 .text.nand_read_page_hwecc_oob_first
                0x2001836c      0x138 drivers/mtd/nand/built-in.o
 .text.nand_read_page_syndrome
                0x200184a4      0x124 drivers/mtd/nand/built-in.o
 .text.nand_read_oob_std
                0x200185c8       0x3c drivers/mtd/nand/built-in.o
 .text.nand_read_oob_syndrome
                0x20018604      0x104 drivers/mtd/nand/built-in.o
 .text.nand_write_oob_std
                0x20018708       0x70 drivers/mtd/nand/built-in.o
 .text.nand_write_oob_syndrome
                0x20018778      0x1b4 drivers/mtd/nand/built-in.o
 .text.nand_write_page_raw
                0x2001892c       0x44 drivers/mtd/nand/built-in.o
 .text.nand_write_page_raw_syndrome
                0x20018970       0xd4 drivers/mtd/nand/built-in.o
 .text.nand_write_page_swecc
                0x20018a44       0xb4 drivers/mtd/nand/built-in.o
 .text.nand_write_page_hwecc
                0x20018af8       0xc4 drivers/mtd/nand/built-in.o
 .text.nand_write_page_syndrome
                0x20018bbc       0xf4 drivers/mtd/nand/built-in.o
 .text.single_erase_cmd
                0x20018cb0       0x3c drivers/mtd/nand/built-in.o
 .text.multi_erase_cmd
                0x20018cec       0x8c drivers/mtd/nand/built-in.o
 .text.nand_sync
                0x20018d78       0x10 drivers/mtd/nand/built-in.o
 .text.nand_onfi_set_features
                0x20018d88       0x64 drivers/mtd/nand/built-in.o
 .text.nand_write_page
                0x20018dec       0xbc drivers/mtd/nand/built-in.o
 .text.nand_block_bad
                0x20018ea8      0x19c drivers/mtd/nand/built-in.o
 .text.nand_select_chip
                0x20019044       0x58 drivers/mtd/nand/built-in.o
 .text.nand_block_checkbad
                0x2001909c       0x80 drivers/mtd/nand/built-in.o
 .text.nand_block_isbad
                0x2001911c       0x1c drivers/mtd/nand/built-in.o
 .text.nand_block_markbad
                0x20019138       0x3c drivers/mtd/nand/built-in.o
 .text.nand_onfi_get_features
                0x20019174       0x6c drivers/mtd/nand/built-in.o
 .text.nand_fill_oob
                0x200191e0      0x11c drivers/mtd/nand/built-in.o
 .text.nand_do_write_oob
                0x200192fc      0x19c drivers/mtd/nand/built-in.o
 .text.nand_do_write_ops
                0x20019498      0x37c drivers/mtd/nand/built-in.o
 .text.nand_write_oob
                0x20019814       0xa8 drivers/mtd/nand/built-in.o
 .text.nand_write
                0x200198bc       0x64 drivers/mtd/nand/built-in.o
 .text.nand_transfer_oob
                0x20019920      0x104 drivers/mtd/nand/built-in.o
 .text.nand_do_read_ops
                0x20019a24      0x3c4 drivers/mtd/nand/built-in.o
 .text.nand_read_oob
                0x20019de8      0x294 drivers/mtd/nand/built-in.o
 .text.nand_read
                0x2001a07c       0x64 drivers/mtd/nand/built-in.o
 .text.nand_wait
                0x2001a0e0       0xd4 drivers/mtd/nand/built-in.o
 .text.nand_wait_ready
                0x2001a1b4       0x4c drivers/mtd/nand/built-in.o
                0x2001a1b4                nand_wait_ready
 .text.nand_command
                0x2001a200      0x1e0 drivers/mtd/nand/built-in.o
 .text.nand_command_lp
                0x2001a3e0      0x268 drivers/mtd/nand/built-in.o
 .text.nand_erase_nand
                0x2001a648      0x358 drivers/mtd/nand/built-in.o
                0x2001a648                nand_erase_nand
 .text.nand_erase
                0x2001a9a0        0x8 drivers/mtd/nand/built-in.o
 .text.nand_default_block_markbad
                0x2001a9a8      0x1c0 drivers/mtd/nand/built-in.o
 .text.nand_scan_ident
                0x2001ab68      0x8f8 drivers/mtd/nand/built-in.o
                0x2001ab68                nand_scan_ident
 .text.nand_scan_tail
                0x2001b460      0x60c drivers/mtd/nand/built-in.o
                0x2001b460                nand_scan_tail
 .text.nand_scan
                0x2001ba6c       0x24 drivers/mtd/nand/built-in.o
                0x2001ba6c                nand_scan
 .text.s5pv210_hwcontrol
                0x2001ba90       0x88 drivers/mtd/nand/built-in.o
 .text.s5pv210_dev_ready
                0x2001bb18       0x14 drivers/mtd/nand/built-in.o
 .text.s5pv210_nand_read_page_hwecc
                0x2001bb2c       0x40 drivers/mtd/nand/built-in.o
 .text.s5pv210_nand_correct_data
                0x2001bb6c       0x50 drivers/mtd/nand/built-in.o
 .text.s5pv210_nand_calculate_ecc
                0x2001bbbc      0x13c drivers/mtd/nand/built-in.o
 .text.s5pv210_nand_enable_hwecc
                0x2001bcf8       0xec drivers/mtd/nand/built-in.o
                0x2001bcf8                s5pv210_nand_enable_hwecc
 .text.s5pv210_nand_select_chip
                0x2001bde4       0x68 drivers/mtd/nand/built-in.o
 .text.board_nand_init
                0x2001be4c      0x138 drivers/mtd/nand/built-in.o
                0x2001be4c                board_nand_init
 .text.dm9000_outblk_8bit
                0x2001bf84       0x24 drivers/net/built-in.o
 .text.dm9000_outblk_16bit
                0x2001bfa8       0x30 drivers/net/built-in.o
 .text.dm9000_outblk_32bit
                0x2001bfd8       0x34 drivers/net/built-in.o
 .text.dm9000_inblk_8bit
                0x2001c00c       0x24 drivers/net/built-in.o
 .text.dm9000_inblk_16bit
                0x2001c030       0x30 drivers/net/built-in.o
 .text.dm9000_inblk_32bit
                0x2001c060       0x34 drivers/net/built-in.o
 .text.dm9000_rx_status_32bit
                0x2001c094       0x20 drivers/net/built-in.o
 .text.dm9000_rx_status_16bit
                0x2001c0b4       0x20 drivers/net/built-in.o
 .text.dm9000_rx_status_8bit
                0x2001c0d4       0x30 drivers/net/built-in.o
 .text.dm9000_reset
                0x2001c104       0xbc drivers/net/built-in.o
 .text.dm9000_rx
                0x2001c1c0      0x158 drivers/net/built-in.o
 .text.dm9000_halt
                0x2001c318       0x84 drivers/net/built-in.o
 .text.dm9000_phy_read
                0x2001c39c       0x5c drivers/net/built-in.o
 .text.dm9000_init
                0x2001c3f8      0x37c drivers/net/built-in.o
 .text.dm9000_send
                0x2001c774       0xd8 drivers/net/built-in.o
 .text.dm9000_initialize
                0x2001c84c       0x60 drivers/net/built-in.o
                0x2001c84c                dm9000_initialize
 .text.get_current
                0x2001c8ac       0x3c drivers/serial/built-in.o
 .text.serial_null
                0x2001c8e8        0x4 drivers/serial/built-in.o
                0x2001c8e8                jz_serial_initialize
                0x2001c8e8                bfin_serial_initialize
                0x2001c8e8                p3mx_serial_initialize
                0x2001c8e8                leon2_serial_initialize
                0x2001c8e8                leon3_serial_initialize
                0x2001c8e8                amirix_serial_initialize
                0x2001c8e8                marvell_serial_initialize
                0x2001c8e8                cpci750_serial_initialize
                0x2001c8e8                ns16550_serial_initialize
                0x2001c8e8                asc_serial_initialize
                0x2001c8e8                altera_serial_initialize
                0x2001c8e8                oc_serial_initialize
                0x2001c8e8                sh_serial_initialize
                0x2001c8e8                mxs_auart_initialize
                0x2001c8e8                arm_dcc_initialize
                0x2001c8e8                bmw_serial_initialize
                0x2001c8e8                arc_serial_initialize
                0x2001c8e8                mcf_serial_initialize
                0x2001c8e8                lh7a40x_serial_initialize
                0x2001c8e8                evb64260_serial_initialize
                0x2001c8e8                lpc32xx_serial_initialize
                0x2001c8e8                max3100_serial_initialize
                0x2001c8e8                mpc85xx_serial_initialize
                0x2001c8e8                imx_serial_initialize
                0x2001c8e8                bfin_jtag_initialize
                0x2001c8e8                cogent_serial_initialize
                0x2001c8e8                clps7111_serial_initialize
                0x2001c8e8                ml2_serial_initialize
                0x2001c8e8                sandbox_serial_initialize
                0x2001c8e8                s3c24xx_serial_initialize
                0x2001c8e8                sconsole_serial_initialize
                0x2001c8e8                uartlite_serial_initialize
                0x2001c8e8                au1x00_serial_initialize
                0x2001c8e8                pxa_serial_initialize
                0x2001c8e8                atmel_serial_initialize
                0x2001c8e8                pl01x_serial_initialize
                0x2001c8e8                altera_jtag_serial_initialize
                0x2001c8e8                zynq_serial_initalize
                0x2001c8e8                mpc512x_serial_initialize
                0x2001c8e8                ks8695_serial_initialize
                0x2001c8e8                sa1100_serial_initialize
                0x2001c8e8                mpc8260_scc_serial_initialize
                0x2001c8e8                mxc_serial_initialize
                0x2001c8e8                iop480_serial_initialize
                0x2001c8e8                mpc8xx_serial_initialize
                0x2001c8e8                mpc8260_smc_serial_initialize
                0x2001c8e8                mpc5xx_serial_initialize
 .text.serial_register
                0x2001c8ec       0x18 drivers/serial/built-in.o
                0x2001c8ec                serial_register
 .text.serial_stdio_init
                0x2001c904       0x90 drivers/serial/built-in.o
                0x2001c904                serial_stdio_init
 .text.serial_assign
                0x2001c994       0x50 drivers/serial/built-in.o
                0x2001c994                serial_assign
 .text.serial_initialize
                0x2001c9e4       0xd0 drivers/serial/built-in.o
                0x2001c9e4                serial_initialize
 .text.serial_init
                0x2001cab4       0x14 drivers/serial/built-in.o
                0x2001cab4                serial_init
 .text.serial_setbrg
                0x2001cac8       0x14 drivers/serial/built-in.o
                0x2001cac8                serial_setbrg
 .text.on_baudrate
                0x2001cadc      0x108 drivers/serial/built-in.o
 .text.serial_getc
                0x2001cbe4       0x14 drivers/serial/built-in.o
                0x2001cbe4                serial_getc
 .text.serial_tstc
                0x2001cbf8       0x14 drivers/serial/built-in.o
                0x2001cbf8                serial_tstc
 .text.serial_putc
                0x2001cc0c       0x1c drivers/serial/built-in.o
                0x2001cc0c                serial_putc
 .text.serial_puts
                0x2001cc28       0x1c drivers/serial/built-in.o
                0x2001cc28                serial_puts
 .text.serial_getc_dev
                0x2001cc44       0x48 drivers/serial/built-in.o
 .text.serial_tstc_dev
                0x2001cc8c       0x34 drivers/serial/built-in.o
 .text.s5p_serial0_getc
                0x2001ccc0        0x8 drivers/serial/built-in.o
 .text.s5p_serial0_tstc
                0x2001ccc8        0x8 drivers/serial/built-in.o
 .text.s5p_serial1_getc
                0x2001ccd0        0x8 drivers/serial/built-in.o
 .text.s5p_serial1_tstc
                0x2001ccd8        0x8 drivers/serial/built-in.o
 .text.s5p_serial2_getc
                0x2001cce0        0x8 drivers/serial/built-in.o
 .text.s5p_serial2_tstc
                0x2001cce8        0x8 drivers/serial/built-in.o
 .text.s5p_serial3_getc
                0x2001ccf0        0x8 drivers/serial/built-in.o
 .text.s5p_serial3_tstc
                0x2001ccf8        0x8 drivers/serial/built-in.o
 .text.serial_putc_dev
                0x2001cd00       0x50 drivers/serial/built-in.o
 .text.serial_puts_dev
                0x2001cd50       0x28 drivers/serial/built-in.o
 .text.s5p_serial3_puts
                0x2001cd78        0x8 drivers/serial/built-in.o
 .text.s5p_serial2_puts
                0x2001cd80        0x8 drivers/serial/built-in.o
 .text.s5p_serial1_puts
                0x2001cd88        0x8 drivers/serial/built-in.o
 .text.s5p_serial0_puts
                0x2001cd90        0x8 drivers/serial/built-in.o
 .text.s5p_serial3_putc
                0x2001cd98        0x8 drivers/serial/built-in.o
 .text.s5p_serial2_putc
                0x2001cda0        0x8 drivers/serial/built-in.o
 .text.s5p_serial1_putc
                0x2001cda8        0x8 drivers/serial/built-in.o
 .text.s5p_serial0_putc
                0x2001cdb0        0x8 drivers/serial/built-in.o
 .text.serial_setbrg_dev
                0x2001cdb8       0x5c drivers/serial/built-in.o
 .text.s5p_serial3_setbrg
                0x2001ce14        0x8 drivers/serial/built-in.o
 .text.serial_init_dev
                0x2001ce1c       0x38 drivers/serial/built-in.o
 .text.s5p_serial3_init
                0x2001ce54        0x8 drivers/serial/built-in.o
 .text.s5p_serial2_init
                0x2001ce5c        0x8 drivers/serial/built-in.o
 .text.s5p_serial1_init
                0x2001ce64        0x8 drivers/serial/built-in.o
 .text.s5p_serial0_init
                0x2001ce6c        0x8 drivers/serial/built-in.o
 .text.s5p_serial2_setbrg
                0x2001ce74        0x8 drivers/serial/built-in.o
 .text.s5p_serial1_setbrg
                0x2001ce7c        0x8 drivers/serial/built-in.o
 .text.s5p_serial0_setbrg
                0x2001ce84        0x8 drivers/serial/built-in.o
 .text.default_serial_console
                0x2001ce8c       0x1c drivers/serial/built-in.o
                0x2001ce8c                default_serial_console
 .text.s5p_serial_initialize
                0x2001cea8       0x38 drivers/serial/built-in.o
                0x2001cea8                s5p_serial_initialize
 .text.fs_ls_unsupported
                0x2001cee0        0x8 fs/built-in.o
 .text.fs_exists_unsupported
                0x2001cee8        0x8 fs/built-in.o
 .text.fs_read_unsupported
                0x2001cef0        0x8 fs/built-in.o
 .text.fs_write_unsupported
                0x2001cef8        0x8 fs/built-in.o
 .text.fs_close_unsupported
                0x2001cf00        0x4 fs/built-in.o
 .text.fs_get_info
                0x2001cf04       0x20 fs/built-in.o
 .text.fs_close
                0x2001cf24       0x28 fs/built-in.o
 .text.fs_probe_unsupported
                0x2001cf4c       0x18 fs/built-in.o
 .text.fs_set_blk_dev
                0x2001cf64       0xb0 fs/built-in.o
                0x2001cf64                fs_set_blk_dev
 .text.fs_ls    0x2001d014       0x3c fs/built-in.o
                0x2001d014                fs_ls
 .text.fs_exists
                0x2001d050       0x34 fs/built-in.o
                0x2001d050                fs_exists
 .text.fs_read  0x2001d084       0x80 fs/built-in.o
                0x2001d084                fs_read
 .text.do_load  0x2001d104      0x1cc fs/built-in.o
                0x2001d104                do_load
 .text.do_ls    0x2001d2d0       0x6c fs/built-in.o
                0x2001d2d0                do_ls
 .text.file_exists
                0x2001d33c       0x2c fs/built-in.o
                0x2001d33c                file_exists
 .text.downcase
                0x2001d368       0x30 fs/built-in.o
 .text.disk_read
                0x2001d398       0x5c fs/built-in.o
 .text.dirdelim
                0x2001d3f4       0x34 fs/built-in.o
 .text.slot2str
                0x2001d428       0xd0 fs/built-in.o
 .text.mkcksum  0x2001d4f8       0x54 fs/built-in.o
 .text.get_fatent
                0x2001d54c      0x1e4 fs/built-in.o
 .text.get_name
                0x2001d730       0xb8 fs/built-in.o
 .text.read_bootsectandvi
                0x2001d7e8      0x17c fs/built-in.o
 .text.get_cluster
                0x2001d964      0x1e8 fs/built-in.o
 .text.get_vfatname
                0x2001db4c      0x20c fs/built-in.o
 .text.fat_set_blk_dev
                0x2001dd58       0xcc fs/built-in.o
                0x2001dd58                fat_set_blk_dev
 .text.do_fat_read_at
                0x2001de24     0x1028 fs/built-in.o
                0x2001de24                do_fat_read_at
 .text.do_fat_read
                0x2001ee4c       0x28 fs/built-in.o
                0x2001ee4c                do_fat_read
 .text.file_fat_detectfs
                0x2001ee74       0x90 fs/built-in.o
                0x2001ee74                file_fat_detectfs
 .text.file_fat_ls
                0x2001ef04       0x10 fs/built-in.o
                0x2001ef04                file_fat_ls
 .text.fat_exists
                0x2001ef14       0x2c fs/built-in.o
                0x2001ef14                fat_exists
 .text.file_fat_read_at
                0x2001ef40       0x48 fs/built-in.o
                0x2001ef40                file_fat_read_at
 .text.fat_read_file
                0x2001ef88       0x3c fs/built-in.o
                0x2001ef88                fat_read_file
 .text.fat_close
                0x2001efc4        0x4 fs/built-in.o
                0x2001efc4                fat_close
 .text.zcfree   0x2001efc8        0x8 lib/built-in.o
                0x2001efc8                zcfree
 .text.zcalloc  0x2001efd0        0x8 lib/built-in.o
                0x2001efd0                zcalloc
 .text.inflate_fast
                0x2001efd8      0x618 lib/built-in.o
                0x2001efd8                inflate_fast
 .text.inflate_table
                0x2001f5f0      0x568 lib/built-in.o
                0x2001f5f0                inflate_table
 .text.inflateReset
                0x2001fb58       0xac lib/built-in.o
                0x2001fb58                inflateReset
 .text.inflateInit2_
                0x2001fc04      0x12c lib/built-in.o
                0x2001fc04                inflateInit2_
 .text.inflateEnd
                0x2001fd30       0x94 lib/built-in.o
                0x2001fd30                inflateEnd
 .text.adler32  0x2001fdc4      0x2e8 lib/built-in.o
                0x2001fdc4                adler32
 .text.inflate  0x200200ac     0x18ac lib/built-in.o
                0x200200ac                inflate
 .text.cyg_crc16
                0x20021958       0x44 lib/built-in.o
                0x20021958                cyg_crc16
 .text.gzfree   0x2002199c        0x8 lib/built-in.o
                0x2002199c                gzfree
 .text.gzalloc  0x200219a4       0x10 lib/built-in.o
                0x200219a4                gzalloc
 .text.zunzip   0x200219b4      0x124 lib/built-in.o
                0x200219b4                zunzip
 .text.gunzip   0x20021ad8       0xac lib/built-in.o
                0x20021ad8                gunzip
 .text.lmb_add_region
                0x20021b84      0x1b8 lib/built-in.o
 .text.lmb_init
                0x20021d3c       0x28 lib/built-in.o
                0x20021d3c                lmb_init
 .text.lmb_add  0x20021d64        0x4 lib/built-in.o
                0x20021d64                lmb_add
 .text.lmb_free
                0x20021d68      0x128 lib/built-in.o
                0x20021d68                lmb_free
 .text.lmb_reserve
                0x20021e90        0x8 lib/built-in.o
                0x20021e90                lmb_reserve
 .text.lmb_overlaps_region
                0x20021e98       0x54 lib/built-in.o
                0x20021e98                lmb_overlaps_region
 .text.__lmb_alloc_base
                0x20021eec      0x130 lib/built-in.o
                0x20021eec                __lmb_alloc_base
 .text.lmb_alloc_base
                0x2002201c       0x34 lib/built-in.o
                0x2002201c                lmb_alloc_base
 .text.lmb_alloc
                0x20022050        0x8 lib/built-in.o
                0x20022050                lmb_alloc
 .text.__board_lmb_reserve
                0x20022058        0x4 lib/built-in.o
                0x20022058                board_lmb_reserve
                0x20022058                __board_lmb_reserve
 .text.string_to_ip
                0x2002205c       0x68 lib/built-in.o
                0x2002205c                string_to_ip
 .text.qsort    0x200220c4      0x120 lib/built-in.o
                0x200220c4                qsort
 .text.strcmp_compar
                0x200221e4        0xc lib/built-in.o
                0x200221e4                strcmp_compar
 .text.strmhz   0x200221f0       0x6c lib/built-in.o
                0x200221f0                strmhz
 .text.drop_var_from_set
                0x2002225c       0x88 lib/built-in.o
 .text.cmpkey   0x200222e4       0x14 lib/built-in.o
 .text.match_string.clone.0
                0x200222f8       0x64 lib/built-in.o
 .text.hcreate_r
                0x2002235c       0xac lib/built-in.o
                0x2002235c                hcreate_r
 .text.hdestroy_r
                0x20022408       0x74 lib/built-in.o
                0x20022408                hdestroy_r
 .text.hmatch_r
                0x2002247c       0xa0 lib/built-in.o
                0x2002247c                hmatch_r
 .text.hsearch_r
                0x2002251c      0x5c4 lib/built-in.o
                0x2002251c                hsearch_r
 .text.hdelete_r
                0x20022ae0      0x1a0 lib/built-in.o
                0x20022ae0                hdelete_r
 .text.hexport_r
                0x20022c80      0x3b8 lib/built-in.o
                0x20022c80                hexport_r
 .text.himport_r
                0x20023038      0x460 lib/built-in.o
                0x20023038                himport_r
 .text.hwalk_r  0x20023498       0x58 lib/built-in.o
                0x20023498                hwalk_r
 .text.print_size
                0x200234f0      0x12c lib/built-in.o
                0x200234f0                print_size
 .text.print_buffer
                0x2002361c      0x1ac lib/built-in.o
                0x2002361c                print_buffer
 .text.crc32_no_comp
                0x200237c8       0xe8 lib/built-in.o
                0x200237c8                crc32_no_comp
 .text.crc32    0x200238b0       0x14 lib/built-in.o
                0x200238b0                crc32
 .text.crc32_wd
                0x200238c4        0x4 lib/built-in.o
                0x200238c4                crc32_wd
 .text.__div64_32
                0x200238c8       0xfc lib/built-in.o
                0x200238c8                __div64_32
 .text.hang     0x200239c4       0x1c lib/built-in.o
                0x200239c4                hang
 .text.skip_spaces
                0x200239e0       0x24 lib/built-in.o
                0x200239e0                skip_spaces
 .text.strim    0x20023a04       0x54 lib/built-in.o
                0x20023a04                strim
 .text.check_bytes8
                0x20023a58       0x30 lib/built-in.o
 .text.strcpy   0x20023a88       0x1c lib/built-in.o
                0x20023a88                strcpy
 .text.strncpy  0x20023aa4       0x28 lib/built-in.o
                0x20023aa4                strncpy
 .text.strcat   0x20023acc       0x30 lib/built-in.o
                0x20023acc                strcat
 .text.strncat  0x20023afc       0x50 lib/built-in.o
                0x20023afc                strncat
 .text.strcmp   0x20023b4c       0x30 lib/built-in.o
                0x20023b4c                strcmp
 .text.strncmp  0x20023b7c       0x48 lib/built-in.o
                0x20023b7c                strncmp
 .text.strchr   0x20023bc4       0x34 lib/built-in.o
                0x20023bc4                strchr
 .text.strlen   0x20023bf8       0x1c lib/built-in.o
                0x20023bf8                strlen
 .text.strnlen  0x20023c14       0x28 lib/built-in.o
                0x20023c14                strnlen
 .text.strdup   0x20023c3c       0x34 lib/built-in.o
                0x20023c3c                strdup
 .text.strpbrk  0x20023c70       0x3c lib/built-in.o
                0x20023c70                strpbrk
 .text.memset   0x20023cac       0x68 lib/built-in.o
                0x20023cac                memset
 .text.memcpy   0x20023d14       0x74 lib/built-in.o
                0x20023d14                memcpy
 .text.memmove  0x20023d88       0x58 lib/built-in.o
                0x20023d88                memmove
 .text.memcmp   0x20023de0       0x38 lib/built-in.o
                0x20023de0                memcmp
 .text.strstr   0x20023e18       0x60 lib/built-in.o
                0x20023e18                strstr
 .text.memchr   0x20023e78       0x34 lib/built-in.o
                0x20023e78                memchr
 .text.memchr_inv
                0x20023eac       0xc8 lib/built-in.o
                0x20023eac                memchr_inv
 .text.udelay   0x20023f74       0x30 lib/built-in.o
                0x20023f74                udelay
 .text.put_dec_trunc
                0x20023fa4       0xc8 lib/built-in.o
 .text.put_dec  0x2002406c      0x11c lib/built-in.o
 .text.string.clone.0
                0x20024188       0x90 lib/built-in.o
 .text.number.clone.4
                0x20024218      0x21c lib/built-in.o
 .text.vsnprintf_internal.clone.6
                0x20024434      0x66c lib/built-in.o
 .text.simple_strtoul
                0x20024aa0       0xac lib/built-in.o
                0x20024aa0                simple_strtoul
 .text.strict_strtoul
                0x20024b4c       0x78 lib/built-in.o
                0x20024b4c                strict_strtoul
 .text.simple_strtol
                0x20024bc4       0x28 lib/built-in.o
                0x20024bc4                simple_strtol
 .text.simple_strtoull
                0x20024bec       0xd4 lib/built-in.o
                0x20024bec                simple_strtoull
 .text.vsprintf
                0x20024cc0        0x4 lib/built-in.o
                0x20024cc0                vsprintf
 .text.sprintf  0x20024cc4       0x24 lib/built-in.o
                0x20024cc4                sprintf
 .text.panic    0x20024ce8       0x44 lib/built-in.o
                0x20024ce8                panic
 .text.__assert_fail
                0x20024d2c       0x14 lib/built-in.o
                0x20024d2c                __assert_fail
 .text.simple_itoa
                0x20024d40       0x58 lib/built-in.o
                0x20024d40                simple_itoa
 .text.fdt_check_header
                0x20024d98       0x74 lib/libfdt/built-in.o
                0x20024d98                fdt_check_header
 .text.fdt_offset_ptr
                0x20024e0c       0x54 lib/libfdt/built-in.o
                0x20024e0c                fdt_offset_ptr
 .text.fdt_next_tag
                0x20024e60       0xf8 lib/libfdt/built-in.o
                0x20024e60                fdt_next_tag
 .text._fdt_check_node_offset
                0x20024f58       0x34 lib/libfdt/built-in.o
                0x20024f58                _fdt_check_node_offset
 .text._fdt_check_prop_offset
                0x20024f8c       0x34 lib/libfdt/built-in.o
                0x20024f8c                _fdt_check_prop_offset
 .text.fdt_next_node
                0x20024fc0       0xbc lib/libfdt/built-in.o
                0x20024fc0                fdt_next_node
 .text._fdt_find_string
                0x2002507c       0x58 lib/libfdt/built-in.o
                0x2002507c                _fdt_find_string
 .text.fdt_move
                0x200250d4       0x44 lib/libfdt/built-in.o
                0x200250d4                fdt_move
 .text._nextprop
                0x20025118       0x54 lib/libfdt/built-in.o
 .text.fdt_string
                0x2002516c       0x14 lib/libfdt/built-in.o
                0x2002516c                fdt_string
 .text.fdt_get_mem_rsv
                0x20025180       0x8c lib/libfdt/built-in.o
                0x20025180                fdt_get_mem_rsv
 .text.fdt_num_mem_rsv
                0x2002520c       0x5c lib/libfdt/built-in.o
                0x2002520c                fdt_num_mem_rsv
 .text.fdt_subnode_offset_namelen
                0x20025268       0xd0 lib/libfdt/built-in.o
                0x20025268                fdt_subnode_offset_namelen
 .text.fdt_get_name
                0x20025338       0x70 lib/libfdt/built-in.o
                0x20025338                fdt_get_name
 .text.fdt_first_property_offset
                0x200253a8       0x20 lib/libfdt/built-in.o
                0x200253a8                fdt_first_property_offset
 .text.fdt_next_property_offset
                0x200253c8       0x20 lib/libfdt/built-in.o
                0x200253c8                fdt_next_property_offset
 .text.fdt_get_property_by_offset
                0x200253e8       0x5c lib/libfdt/built-in.o
                0x200253e8                fdt_get_property_by_offset
 .text.fdt_get_property_namelen
                0x20025444       0xa8 lib/libfdt/built-in.o
                0x20025444                fdt_get_property_namelen
 .text.fdt_get_property
                0x200254ec       0x38 lib/libfdt/built-in.o
                0x200254ec                fdt_get_property
 .text.fdt_getprop_namelen
                0x20025524       0x1c lib/libfdt/built-in.o
                0x20025524                fdt_getprop_namelen
 .text.fdt_getprop
                0x20025540       0x38 lib/libfdt/built-in.o
                0x20025540                fdt_getprop
 .text.fdt_get_alias_namelen
                0x20025578       0x44 lib/libfdt/built-in.o
                0x20025578                fdt_get_alias_namelen
 .text.fdt_path_offset
                0x200255bc       0xe0 lib/libfdt/built-in.o
                0x200255bc                fdt_path_offset
 .text.fdt_supernode_atdepth_offset
                0x2002569c       0xb4 lib/libfdt/built-in.o
                0x2002569c                fdt_supernode_atdepth_offset
 .text.fdt_node_depth
                0x20025750       0x24 lib/libfdt/built-in.o
                0x20025750                fdt_node_depth
 .text._fdt_blocks_misordered
                0x20025774       0x6c lib/libfdt/built-in.o
 .text._fdt_rw_check_header
                0x200257e0       0x5c lib/libfdt/built-in.o
 .text._fdt_packblocks
                0x2002583c       0x8c lib/libfdt/built-in.o
 .text._fdt_splice
                0x200258c8       0x78 lib/libfdt/built-in.o
 .text._fdt_splice_struct
                0x20025940       0x4c lib/libfdt/built-in.o
 .text._fdt_splice_mem_rsv
                0x2002598c       0x58 lib/libfdt/built-in.o
 .text._fdt_add_property
                0x200259e4      0x120 lib/libfdt/built-in.o
 .text.fdt_add_mem_rsv
                0x20025b04       0xbc lib/libfdt/built-in.o
                0x20025b04                fdt_add_mem_rsv
 .text.fdt_del_mem_rsv
                0x20025bc0       0x58 lib/libfdt/built-in.o
                0x20025bc0                fdt_del_mem_rsv
 .text.fdt_setprop
                0x20025c18       0xd0 lib/libfdt/built-in.o
                0x20025c18                fdt_setprop
 .text.fdt_delprop
                0x20025ce8       0x64 lib/libfdt/built-in.o
                0x20025ce8                fdt_delprop
 .text.fdt_add_subnode_namelen
                0x20025d4c       0xfc lib/libfdt/built-in.o
                0x20025d4c                fdt_add_subnode_namelen
 .text.fdt_add_subnode
                0x20025e48       0x30 lib/libfdt/built-in.o
                0x20025e48                fdt_add_subnode
 .text.fdt_del_node
                0x20025e78       0x5c lib/libfdt/built-in.o
                0x20025e78                fdt_del_node
 .text.fdt_open_into
                0x20025ed4      0x198 lib/libfdt/built-in.o
                0x20025ed4                fdt_open_into
 .text.fdt_strerror
                0x2002606c       0x50 lib/libfdt/built-in.o
                0x2002606c                fdt_strerror
 .text._fdt_node_end_offset
                0x200260bc       0x40 lib/libfdt/built-in.o
                0x200260bc                _fdt_node_end_offset
 .text.ArpInit  0x200260fc       0x50 net/built-in.o
                0x200260fc                ArpInit
 .text.arp_raw_request
                0x2002614c       0xcc net/built-in.o
                0x2002614c                arp_raw_request
 .text.ArpRequest
                0x20026218       0x8c net/built-in.o
                0x20026218                ArpRequest
 .text.ArpTimeoutCheck
                0x200262a4       0x80 net/built-in.o
                0x200262a4                ArpTimeoutCheck
 .text.ArpReceive
                0x20026324      0x244 net/built-in.o
                0x20026324                ArpReceive
 .text.BootpHandler
                0x20026568      0x5cc net/built-in.o
 .text.BootpRequest
                0x20026b34      0x1fc net/built-in.o
                0x20026b34                BootpRequest
 .text.BootpTimeout
                0x20026d30       0x44 net/built-in.o
 .text.__def_eth_init
                0x20026d74        0x8 net/built-in.o
                0x20026d74                cpu_eth_init
 .text.eth_current_changed
                0x20026d7c       0x5c net/built-in.o
 .text.eth_parse_enetaddr
                0x20026dd8       0x5c net/built-in.o
                0x20026dd8                eth_parse_enetaddr
 .text.eth_getenv_enetaddr
                0x20026e34       0x5c net/built-in.o
                0x20026e34                eth_getenv_enetaddr
 .text.eth_setenv_enetaddr
                0x20026e90       0x38 net/built-in.o
                0x20026e90                eth_setenv_enetaddr
 .text.eth_getenv_enetaddr_by_index
                0x20026ec8       0x54 net/built-in.o
                0x20026ec8                eth_getenv_enetaddr_by_index
 .text.eth_get_dev_by_index
                0x20026f1c       0x44 net/built-in.o
                0x20026f1c                eth_get_dev_by_index
 .text.eth_get_dev_index
                0x20026f60       0x1c net/built-in.o
                0x20026f60                eth_get_dev_index
 .text.eth_write_hwaddr
                0x20026f7c      0x1dc net/built-in.o
                0x20026f7c                eth_write_hwaddr
 .text.eth_register
                0x20027158       0xa8 net/built-in.o
                0x20027158                eth_register
 .text.eth_initialize
                0x20027200      0x1cc net/built-in.o
                0x20027200                eth_initialize
 .text.eth_halt
                0x200273cc       0x30 net/built-in.o
                0x200273cc                eth_halt
 .text.eth_send
                0x200273fc       0x38 net/built-in.o
                0x200273fc                eth_send
 .text.eth_rx   0x20027434       0x2c net/built-in.o
                0x20027434                eth_rx
 .text.eth_try_another
                0x20027460       0x88 net/built-in.o
                0x20027460                eth_try_another
 .text.eth_init
                0x200274e8      0x114 net/built-in.o
                0x200274e8                eth_init
 .text.eth_set_current
                0x200275fc       0xac net/built-in.o
                0x200275fc                eth_set_current
 .text.eth_get_name
                0x200276a8       0x20 net/built-in.o
                0x200276a8                eth_get_name
 .text.startAgainTimeout
                0x200276c8       0x14 net/built-in.o
 .text.dummy_handler
                0x200276dc        0x4 net/built-in.o
 .text.net_auto_load
                0x200276e0       0x64 net/built-in.o
                0x200276e0                net_auto_load
 .text.net_set_udp_handler
                0x20027744       0x20 net/built-in.o
                0x20027744                net_set_udp_handler
 .text.net_get_arp_handler
                0x20027764       0x10 net/built-in.o
                0x20027764                net_get_arp_handler
 .text.net_set_arp_handler
                0x20027774       0x20 net/built-in.o
                0x20027774                net_set_arp_handler
 .text.NetSetTimeout
                0x20027794       0x4c net/built-in.o
                0x20027794                NetSetTimeout
 .text.NetStartAgain
                0x200277e0      0x124 net/built-in.o
                0x200277e0                NetStartAgain
 .text.net_clear_handlers
                0x20027904       0x24 net/built-in.o
 .text.NetCksum
                0x20027928       0x34 net/built-in.o
                0x20027928                NetCksum
 .text.NetCksumOk
                0x2002795c       0x20 net/built-in.o
                0x2002795c                NetCksumOk
 .text.NetReceive
                0x2002797c      0x2fc net/built-in.o
                0x2002797c                NetReceive
 .text.NetEthHdrSize
                0x20027c78       0x3c net/built-in.o
                0x20027c78                NetEthHdrSize
 .text.NetSetEther
                0x20027cb4       0xa0 net/built-in.o
                0x20027cb4                NetSetEther
 .text.net_update_ether
                0x20027d54       0x88 net/built-in.o
                0x20027d54                net_update_ether
 .text.net_set_ip_header
                0x20027ddc       0x88 net/built-in.o
                0x20027ddc                net_set_ip_header
 .text.net_set_udp_header
                0x20027e64       0xa8 net/built-in.o
                0x20027e64                net_set_udp_header
 .text.NetSendUDPPacket
                0x20027f0c      0x134 net/built-in.o
                0x20027f0c                NetSendUDPPacket
 .text.copy_filename
                0x20028040       0x44 net/built-in.o
                0x20028040                copy_filename
 .text.on_bootfile
                0x20028084       0x2c net/built-in.o
 .text.ip_to_string
                0x200280b0       0x34 net/built-in.o
                0x200280b0                ip_to_string
 .text.string_to_VLAN
                0x200280e4       0x4c net/built-in.o
                0x200280e4                string_to_VLAN
 .text.getenv_VLAN
                0x20028130       0x10 net/built-in.o
                0x20028130                getenv_VLAN
 .text.NetInitLoop
                0x20028140       0xf0 net/built-in.o
 .text.net_init
                0x20028230       0x70 net/built-in.o
                0x20028230                net_init
 .text.NetLoop  0x200282a0      0x33c net/built-in.o
                0x200282a0                NetLoop
 .text.basename
                0x200285dc       0x40 net/built-in.o
 .text.rpc_add_credentials
                0x2002861c       0xc8 net/built-in.o
 .text.rpc_lookup_reply
                0x200286e4       0xb0 net/built-in.o
 .text.nfs_mount_reply
                0x20028794       0xe4 net/built-in.o
 .text.nfs_umountall_reply
                0x20028878       0xd0 net/built-in.o
 .text.nfs_lookup_reply
                0x20028948       0xd4 net/built-in.o
 .text.rpc_req  0x20028a1c       0xfc net/built-in.o
 .text.rpc_lookup_req
                0x20028b18       0x58 net/built-in.o
 .text.nfs_mount_req
                0x20028b70       0x90 net/built-in.o
 .text.nfs_umountall_req
                0x20028c00       0x60 net/built-in.o
 .text.nfs_lookup_req
                0x20028c60       0xa4 net/built-in.o
 .text.nfs_read_req
                0x20028d04       0x78 net/built-in.o
 .text.nfs_readlink_req
                0x20028d7c       0x58 net/built-in.o
 .text.NfsSend  0x20028dd4       0xa0 net/built-in.o
 .text.nfs_readlink_reply
                0x20028e74      0x100 net/built-in.o
 .text.NfsTimeout
                0x20028f74       0x64 net/built-in.o
 .text.nfs_read_reply.clone.0
                0x20028fd8      0x140 net/built-in.o
 .text.NfsHandler
                0x20029118      0x280 net/built-in.o
 .text.NfsStart
                0x20029398      0x290 net/built-in.o
                0x20029398                NfsStart
 .text.ping_timeout
                0x20029628       0x1c net/built-in.o
 .text.ping_start
                0x20029644      0x12c net/built-in.o
                0x20029644                ping_start
 .text.ping_receive
                0x20029770       0xec net/built-in.o
                0x20029770                ping_receive
 .text.TftpSend
                0x2002985c      0x1e4 net/built-in.o
 .text.TftpTimeout
                0x20029a40       0x88 net/built-in.o
 .text.TftpHandler
                0x20029ac8      0x440 net/built-in.o
 .text.TftpStart
                0x20029f08      0x37c net/built-in.o
                0x20029f08                TftpStart
 .text.raise    0x2002a284       0x1c arch/arm/lib/eabi_compat.o
                0x2002a284                raise
 .text          0x2002a2a0      0x20c /opt/FriendlyARM/toolschain/4.5.1/lib/gcc/arm-none-linux-gnueabi/4.5.1/libgcc.a(_udivsi3.o)
                0x2002a2a0                __udivsi3
                0x2002a2a0                __aeabi_uidiv
                0x2002a48c                __aeabi_uidivmod
 .text          0x2002a4ac      0x240 /opt/FriendlyARM/toolschain/4.5.1/lib/gcc/arm-none-linux-gnueabi/4.5.1/libgcc.a(_divsi3.o)
                0x2002a4ac                __aeabi_idiv
                0x2002a4ac                __divsi3
                0x2002a6cc                __aeabi_idivmod
 .text          0x2002a6ec       0x1c /opt/FriendlyARM/toolschain/4.5.1/lib/gcc/arm-none-linux-gnueabi/4.5.1/libgcc.a(_lshrdi3.o)
                0x2002a6ec                __aeabi_llsr
                0x2002a6ec                __lshrdi3
 .text          0x2002a708       0x1c /opt/FriendlyARM/toolschain/4.5.1/lib/gcc/arm-none-linux-gnueabi/4.5.1/libgcc.a(_ashrdi3.o)
                0x2002a708                __ashrdi3
                0x2002a708                __aeabi_lasr
 .text          0x2002a724       0x1c /opt/FriendlyARM/toolschain/4.5.1/lib/gcc/arm-none-linux-gnueabi/4.5.1/libgcc.a(_ashldi3.o)
                0x2002a724                __ashldi3
                0x2002a724                __aeabi_llsl
 .text          0x2002a740       0x10 /opt/FriendlyARM/toolschain/4.5.1/lib/gcc/arm-none-linux-gnueabi/4.5.1/libgcc.a(_dvmd_lnx.o)
                0x2002a740                __aeabi_ldiv0
                0x2002a740                __aeabi_idiv0

.glue_7         0x2002a750        0x0
 .glue_7        0x00000000        0x0 linker stubs

.glue_7t        0x2002a750        0x0
 .glue_7t       0x00000000        0x0 linker stubs

.vfp11_veneer   0x2002a750        0x0
 .vfp11_veneer  0x00000000        0x0 linker stubs

.v4_bx          0x2002a750        0x0
 .v4_bx         0x00000000        0x0 linker stubs
                0x2002a750                . = ALIGN (0x4)

.rodata         0x2002a750     0xdd73
 *(SORT(.rodata*))
 .rodata.location.4450
                0x2002a750       0x30 common/built-in.o
 .rodata.C.0.4636
                0x2002a780       0x80 arch/arm/lib/built-in.o
 .rodata.CSWTCH.22
                0x2002a800       0x20 common/built-in.o
 .rodata.CSWTCH.38
                0x2002a820       0x58 common/built-in.o
 .rodata.__FUNCTION__.3457
                0x2002a878       0x14 arch/arm/lib/built-in.o
 .rodata.__FUNCTION__.3463
                0x2002a88c        0xc net/built-in.o
 .rodata.__FUNCTION__.3470
                0x2002a898        0x8 common/built-in.o
 .rodata.__FUNCTION__.3479
                0x2002a8a0       0x10 net/built-in.o
 .rodata.__FUNCTION__.3480
                0x2002a8b0        0x8 common/built-in.o
 .rodata.__FUNCTION__.3484
                0x2002a8b8       0x14 net/built-in.o
 .rodata.__FUNCTION__.3490
                0x2002a8cc        0xc common/built-in.o
 .rodata.__FUNCTION__.3494
                0x2002a8d8       0x18 net/built-in.o
 .rodata.__FUNCTION__.3506
                0x2002a8f0        0xc net/built-in.o
 .rodata.__FUNCTION__.3521
                0x2002a8fc       0x14 net/built-in.o
 .rodata.__FUNCTION__.3528
                0x2002a910        0xc net/built-in.o
 .rodata.__FUNCTION__.3534
                0x2002a91c       0x10 net/built-in.o
 .rodata.__FUNCTION__.3550
                0x2002a92c        0xc net/built-in.o
 .rodata.__FUNCTION__.3556
                0x2002a938       0x14 common/built-in.o
 .rodata.__FUNCTION__.3569
                0x2002a94c       0x14 common/built-in.o
 .rodata.__FUNCTION__.3607
                0x2002a960        0xc common/built-in.o
 .rodata.__FUNCTION__.3617
                0x2002a96c        0xc common/built-in.o
 .rodata.__FUNCTION__.3637
                0x2002a978       0x10 net/built-in.o
 .rodata.__FUNCTION__.3644
                0x2002a988       0x14 net/built-in.o
 .rodata.__FUNCTION__.3647
                0x2002a99c       0x20 lib/built-in.o
 .rodata.__FUNCTION__.3651
                0x2002a9bc       0x14 net/built-in.o
 .rodata.__FUNCTION__.3653
                0x2002a9d0        0xc common/built-in.o
 .rodata.__FUNCTION__.3654
                0x2002a9dc        0xc common/built-in.o
 .rodata.__FUNCTION__.3660
                0x2002a9e8        0xc common/built-in.o
 .rodata.__FUNCTION__.3667
                0x2002a9f4        0xc lib/built-in.o
 .rodata.__FUNCTION__.3674
                0x2002aa00        0xc lib/built-in.o
 .rodata.__FUNCTION__.3677
                0x2002aa0c        0x8 common/built-in.o
 .rodata.__FUNCTION__.3683
                0x2002aa14        0xc lib/built-in.o
 .rodata.__FUNCTION__.3685
                0x2002aa20        0xc net/built-in.o
 .rodata.__FUNCTION__.3686
                0x2002aa2c        0xc common/built-in.o
 .rodata.__FUNCTION__.3690
                0x2002aa38        0xc net/built-in.o